// Jest Snapshot v1, https://goo.gl/fbAQLP

exports[`renders correctly 1`] = `
<View
  style={
    {
      "paddingHorizontal": 19.23076923076923,
    }
  }
>
  <Text
    style={
      {
        "color": "#3D3D3D",
        "fontSize": 41.666666666666664,
        "fontWeight": "bold",
        "marginBottom": 38.46153846153846,
      }
    }
  />
  <View
    style={
      {
        "alignItems": "center",
        "flexDirection": "row",
      }
    }
  >
    <Text
      allowFontScaling={false}
      style={
        [
          {
            "color": "#FF5252",
            "fontSize": 25,
          },
          undefined,
          {
            "fontFamily": "Ionicons",
            "fontStyle": "normal",
            "fontWeight": "normal",
          },
          {},
        ]
      }
    >
      ïŽƒ
    </Text>
    <Text
      style={
        {
          "color": "#3D3D3D",
          "fontSize": 33.333333333333336,
          "marginLeft": 9.615384615384615,
        }
      }
    />
  </View>
</View>
`;
